../Core/Src/main.c:76:9:calculateChecksum	24	static
../Core/Src/main.c:84:6:writeDebug	16	static
../Core/Src/main.c:89:14:readFromJetson	40	static
../Core/Src/main.c:142:6:directDriveLeft	16	static
../Core/Src/main.c:143:6:directDriveRight	16	static
../Core/Src/main.c:146:6:stop	4	static
../Core/Src/main.c:156:6:directControl	96	static
../Core/Src/main.c:196:6:pidControl	16	static
../Core/Src/main.c:201:6:readAction	16	static
../Core/Src/main.c:219:6:writeToJetson	40	static
../Core/Src/main.c:241:5:main	8	static
../Core/Src/main.c:290:6:SystemClock_Config	88	static
../Core/Src/main.c:332:13:MX_USART2_UART_Init	8	static
../Core/Src/main.c:367:13:MX_USART3_UART_Init	8	static
../Core/Src/main.c:402:13:MX_GPIO_Init	16	static
../Core/Src/main.c:421:6:MPU_Config	24	static
../Core/Src/main.c:452:6:Error_Handler	4	static,ignoring_inline_asm
